     1                                  	ORG 0x7c00 ; プログラム読み込み位置
     2 00000000 EB50                    	JMP entry  ; entryに移動
     3                                  
     4                                  ;FAT12フォーマットのフロッピーディスク
     5 00000002 EB4E90                  	DB 0xeb, 0x4e, 0x90
     6 00000005 48454C4C4F49504C        	DB "HELLOIPL"    ; ブートセクタ名（8バイト）
     7 0000000D 0002                    	DW 512           ; 1セクタの大きさ
     8 0000000F 01                      	DB 1             ; クラスタの大きさ
     9 00000010 0100                    	DW 1             ; 開始セクタ番号
    10 00000012 02                      	DB 2             ; FAT数
    11 00000013 E000                    	DW 224           ; ルートディレクトリ領域の大きさ
    12 00000015 400B                    	DW 2880          ; ドライブ容量
    13 00000017 0F                      	DB 0x0f          ; メディアタイプ
    14 00000018 0900                    	DW 9             ; FAT領域の長さ
    15 0000001A 1200                    	DW 18            ; 1トラックに存在するセクタ数
    16 0000001C 0200                    	DW 2             ; ヘッド数
    17 0000001E 00000000                	DD 0             ; パーティション
    18 00000022 400B0000                	DD 2880          ; ドライブ容量
    19 00000026 000029                  	DB 0, 0, 0x29    ; 
    20 00000029 FFFFFFFF                	DD 0xffffffff    ; ボリュームシリアル番号
    21 0000002D 48454C4C4F2D4F5320-     	DB "HELLO-OS   " ; ディスク名（11バイト）
    21 00000036 2020               
    22 00000038 4641543132202020        	DB "FAT12   "    ; フォーマット名（8バイト）
    23 00000040 00<rept>                	TIMES 18 DB 0    ; 18バイト0埋め
    24                                  	
    25                                  entry:
    26 00000052 B80000                  	MOV AX, 0      ; アキュムレータに0を代入
    27 00000055 8ED0                    	MOV SS, AX     ; スタックセグメントにアキュムレータの値を代入
    28 00000057 BC007C                  	MOV SP, 0x7c00 ; スタックポインタに0x7c00を代入
    29 0000005A 8ED8                    	MOV DS, AX     ; データセグメントにアキュムレータの値を代入
    30 0000005C 8EC0                    	MOV ES, AX     ; エクストラセグメントにアキュムレータの値を代入
    31 0000005E BE[7600]                	MOV SI, msg    ; ソースインデックスにmsgアドレスを代入
    32                                  	
    33                                  putloop:
    34 00000061 8A04                    	MOV AL, [SI] ; アキュムレータハイにソースインデックスのメモリ代入
    35 00000063 83C601                  	ADD SI, 1    ; ソースインデックスをインクリメント
    36 00000066 3C00                    	CMP AL, 0    ; アキュムレータハイと「0」を比較
    37 00000068 7409                    	JE fin       ; (AL == 0)ならfinに移動
    38                                  	
    39 0000006A B40E                    	MOV AH, 0x0e ; アキュムレータハイに0x0eを代入
    40 0000006C BB0F00                  	MOV BX, 15   ; ベースに15を代入
    41 0000006F CD10                    	INT 0x10     ; 割り込み（ビデオ制御）
    42 00000071 EBEE                    	JMP putloop  ; putloopに移動
    43                                  	
    44                                  fin:
    45 00000073 F4                      	HLT     ; CPU待機
    46 00000074 EBFD                    	JMP fin ; ループ
    47                                  
    48                                  msg:
    49 00000076 0A0A                    	DB 0x0a, 0x0a                         
    50 00000078 48656C6C6F20576F72-     	DB "Hello World!"                     
    50 00000081 6C6421             
    51 00000084 0A                      	DB 0x0a                               
    52 00000085 00                      	DB 0                                  
    53                                  	
    54 00000086 00<rept>                	TIMES 0x7dfe - 0x7c00 - ($ - $$) DB 0 ; 現在のアドレスから0x1feまで0埋め
    55 000001FE 55AA                    	DB 0x55, 0xaa                         
    56                                  	
    57                                  ;ブートセクタ以外の部分
    58 00000200 F0FFFF0000000000        	DB 0xf0, 0xff, 0xff, 0x00, 0x00, 0x00, 0x00, 0x00
    59 00000208 00<rept>                	TIMES 4600 DB 0
    60 00001400 F0FFFF0000000000        	DB 0xf0, 0xff, 0xff, 0x00, 0x00, 0x00, 0x00, 0x00
    61 00001408 00<rept>                	TIMES 1469432 DB 0
